hwif_in.ADC_OUTPUT_MEM.rd_ack
hwif_in.ADC_OUTPUT_MEM.rd_data[7:0]
hwif_in.ADC_OUTPUT_MEM.wr_ack
hwif_in.ADC_CTRL.START_CONVERSION.hwclr
hwif_in.ADC_CTRL.SYNC_RESET_RB.next
hwif_in.ADC_CTRL.MAIN_STATE_RB.next[3:0]
hwif_in.CONVERSION_FLAGS.N_VALID_SAMPLES.next[14:0]
hwif_in.CONVERSION_FLAGS.PREVIOUS_CONVERSION_CORRUPTED.next
hwif_out.ADC_OUTPUT_MEM.req
hwif_out.ADC_OUTPUT_MEM.addr[14:0]
hwif_out.ADC_OUTPUT_MEM.req_is_wr
hwif_out.ADC_OUTPUT_MEM.wr_data[7:0]
hwif_out.ADC_OUTPUT_MEM.wr_biten[7:0]
hwif_out.SH_CTRL.N_ACTIVE_CYCLES.value[7:0]
hwif_out.SH_CTRL.N_PASSIVE_CYCLES.value[7:0]
hwif_out.INT1_CTRL.N_ACTIVE_CYCLES.value[7:0]
hwif_out.INT1_CTRL.N_PASSIVE_CYCLES.value[7:0]
hwif_out.INT2_CTRL.N_ACTIVE_CYCLES.value[7:0]
hwif_out.INT2_CTRL.N_PASSIVE_CYCLES.value[7:0]
hwif_out.FFT_CTRL.OSR_POWER.value[2:0]
hwif_out.FFT_CTRL.NFFT_POWER.value[3:0]
hwif_out.FFT_CTRL.INCREMENTAL_MODE_EN.value
hwif_out.FFT_CTRL.NOISE_SHAPING_EN.value
hwif_out.FFT_CTRL.N_QUANTIZER_BITS.value[1:0]
hwif_out.FFT_CTRL.DWA_EN.value
hwif_out.FFT_CTRL.DELAY_LINE_CTRL.value[3:0]
hwif_out.ADC_CTRL.START_CONVERSION.value
