i:0, x:3.0000, y:-1.0000, z:0.7847, sigma:-1
i:1, x:3.5000, y:0.5000, z:0.3213, sigma:1
i:2, x:3.3750, y:1.3750, z:0.0767, sigma:1
i:3, x:3.2031, y:1.7969, z:-0.0474, sigma:1
i:4, x:3.3154, y:1.5967, z:0.0146, sigma:-1
i:5, x:3.2656, y:1.7002, z:-0.0161, sigma:1
i:6, x:3.2922, y:1.6492, z:-0.0010, sigma:-1
i:7, x:3.3052, y:1.6234, z:0.0063, sigma:-1
i:8, x:3.2990, y:1.6362, z:0.0029, sigma:1
i:9, x:3.2958, y:1.6426, z:0.0015, sigma:1
i:10, x:3.2942, y:1.6458, z:0.0010, sigma:1
i:11, x:3.2935, y:1.6473, z:0.0010, sigma:1
i:12, x:3.2931, y:1.6481, z:0.0010, sigma:1
i:13, x:3.2930, y:1.6484, z:0.0010, sigma:1
i:14, x:3.2930, y:1.6486, z:0.0010, sigma:1
i:15, x:3.2930, y:1.6486, z:0.0010, sigma:1
i: 18, x: [ 16381  16129  15849  15565  15236  14912  14550  14198  13828  13447
  13001  12627  12181  11747  11302  10849  10382   9904   9436   8940
   8437   7893   7375   6815   6281   5782   5238   4653   4100   3505
   2943   2340   1826   1219    615     40   -527  -1100  -1671  -2275
  -2792  -3392  -3953  -4544  -5093  -5641  -6215  -6783  -7262  -7814
  -8303  -8810  -9338  -9808 -10316 -10782 -11268 -11687 -12148 -12594
 -12943 -13342 -13751 -14145 -14479 -14843 -15172 -15484 -15773 -16071
 -16339 -16604 -16836 -17053 -17265 -17434 -17600 -17759 -17890 -18003
 -18105 -18186 -18240 -18285 -18308 -18315 -18303 -18272 -18224 -18149
 -18071 -17963 -17842 -17695 -17551 -17355 -17164 -16956 -16741 -16500
 -16256 -15985 -15708 -15406 -15091 -14716 -14393 -14008 -13632 -13219
 -12853 -12386 -11959 -11520 -11072 -10610 -10138  -9626  -9183  -8651
  -8111  -7593  -7072  -6509  -5968  -5470  -4888  -4333  -3780  -3183
  -2615  -2014  -1465   -891   -320    286    822   1429   2031   2601
   3081   3678   4272   4791   5375   5920   6492   7004   7561   8078
   8564   9066   9541  10054  10528  11019  11470  11911  12340  12808
  13151  13568  13968  14332  14680  15016  15334  15661  15940  16230
  16488  16743  16954  17174  17377  17536  17692  17841  17955  18065
  18157  18224  18274  18306  18318  18317  18297  18258  18199  18128
  18029  17919  17782  17637  17473  17281  17069  16874  16628  16381], y: [  8200   8684   9184   9657  10168  10640  11126  11574  12013  12438
  12902  13268  13680  14053  14415  14759  15089  15409  15699  15986
  16257  16527  16765  17000  17205  17377  17550  17715  17850  17975
  18077  18164  18223  18274  18305  18312  18305  18281  18238  18172
  18100  17997  17882  17740  17590  17423  17227  17010  16811  16562
  16321  16055  15753  15466  15130  14801  14435  14100  13704  13293
  12954  12542  12094  11631  11211  10728  10257   9777   9306   8778
   8270   7724   7205   6673   6106   5607   5059   4472   3920   3356
   2759   2156   1641   1037    465   -109   -679  -1250  -1819  -2458
  -2974  -3573  -4134  -4723  -5238  -5849  -6389  -6922  -7430  -7950
  -8437  -8942  -9419  -9905 -10381 -10904 -11331 -11801 -12234 -12680
 -13052 -13494 -13875 -14243 -14593 -14932 -15256 -15584 -15852 -16147
 -16425 -16670 -16898 -17125 -17320 -17482 -17654 -17800 -17927 -18042
 -18132 -18209 -18262 -18298 -18317 -18317 -18303 -18266 -18208 -18136
 -18061 -17948 -17816 -17683 -17515 -17339 -17133 -16931 -16687 -16445
 -16198 -15922 -15640 -15316 -14996 -14637 -14288 -13921 -13542 -13101
 -12756 -12312 -11857 -11413 -10964 -10500 -10025  -9510  -9035  -8500
  -7990  -7438  -6945  -6379  -5808  -5307  -4757  -4168  -3644  -3045
  -2447  -1878  -1329   -757   -182    386    958   1528   2098   2651
   3252   3813   4406   4955   5505   6079   6650   7131   7685   8200], z: [ 2 -4 -1 -2  0 -1  1  0 -1 -1  0 -1  1  2  5  3 -6 -3 -5 -2 -1 -1  0  1
  1 -2 -1 -1  0  1  1  0 -1 -1  0 -3  1 -2 -1 -1 -2 -1 -1 -2  1 -1  0  1
 -1  2 -2 -2 -1  0  0  1  0 -2 -1  0  0 -1  0  0 -1  2  2 -1 -2  0 -1 -2
  0 -1  0  0 -1 -2  0 -1  0  0 -1  2  2 -3 -4 -2 -1  0  0  1 -2  0 -1  0
  0  3  2  4 -5 -3 -4 -1 -1  0 -1  1 -2 -1 -1  0  1  3  2 -3 -3  0 -1 -1
  0 -1  1  0 -1 -1  0 -1  1  0 -1  1  0 -3 -3  0 -1 -1  0 -1 -1  0  1 -1
 -2 -1 -1  0  1  1  2 -1 -3  0 -1  1  0 -1 -1  0 -1 -1  0 -3  1 -2 -1 -1
  0  1  1  0 -1 -1  0  1  1  0 -1 -1  0  3  1  4 -5 -7 -4 -3 -1 -2 -1 -1
 -2  1 -1  0  0 -1  2  2], sigma: [ 1 -1 -1 -1  1 -1  1  1 -1 -1  1 -1  1  1  1  1 -1 -1 -1 -1 -1 -1  1  1
  1 -1 -1 -1  1  1  1  1 -1 -1  1 -1  1 -1 -1 -1 -1 -1 -1 -1  1 -1  1  1
 -1  1 -1 -1 -1  1  1  1  1 -1 -1  1  1 -1  1  1 -1  1  1 -1 -1  1 -1 -1
  1 -1  1  1 -1 -1  1 -1  1  1 -1  1  1 -1 -1 -1 -1  1  1  1 -1  1 -1  1
  1  1  1  1 -1 -1 -1 -1 -1  1 -1  1 -1 -1 -1  1  1  1  1 -1 -1  1 -1 -1
  1 -1  1  1 -1 -1  1 -1  1  1 -1  1  1 -1 -1  1 -1 -1  1 -1 -1  1  1 -1
 -1 -1 -1  1  1  1  1 -1 -1  1 -1  1  1 -1 -1  1 -1 -1  1 -1  1 -1 -1 -1
  1  1  1  1 -1 -1  1  1  1  1 -1 -1  1  1  1  1 -1 -1 -1 -1 -1 -1 -1 -1
 -1  1 -1  1  1 -1  1  1]
