i: 0, x: [0.], y: [4.], z: [-0.00024191], sigma: [1.]
i: 1, x: [2.], y: [4.], z: [0.4634057], sigma: [-1.]
i: 2, x: [1.], y: [4.5], z: [0.21842703], sigma: [1.]
i: 3, x: [0.4375], y: [4.625], z: [0.09407204], sigma: [1.]
i: 4, x: [0.1484375], y: [4.65234375], z: [0.03165323], sigma: [1.]
i: 5, x: [0.00305176], y: [4.65698242], z: [0.00041339], sigma: [1.]
i: 6, x: [-0.06971359], y: [4.65703011], z: [-0.01521033], sigma: [1.]
i: 7, x: [-0.03333054], y: [4.65757474], z: [-0.00739799], sigma: [-1.]
i: 8, x: [-0.01513689], y: [4.65770494], z: [-0.00349176], sigma: [-1.]
i: 9, x: [-0.00603981], y: [4.6577345], z: [-0.00153864], sigma: [-1.]
i: 10, x: [-0.00149124], y: [4.6577404], z: [-0.00056208], sigma: [-1.]
i: 11, x: [0.00078304], y: [4.65774113], z: [-7.37970077e-05], sigma: [-1.]
i: 12, x: [0.00192019], y: [4.65774094], z: [0.00017034], sigma: [-1.]
i: 13, x: [0.00135161], y: [4.65774117], z: [4.82733006e-05], sigma: [1.]
i: 14, x: [0.00106733], y: [4.65774126], z: [-1.27618556e-05], sigma: [1.]
i: 15, x: [0.00120947], y: [4.65774122], z: [1.77557225e-05], sigma: [-1.]
i: 18, x: [0.00073446], y: [2.82842747], z: [1.77557225e-05], sigma: [-1.]
Final x: [0.00073446]
Final y: [2.82842747]
Final z: [1.77557225e-05]
Final sigma_j (last iteration) [-1.]
