K: (1, 1, 200)
x: (1, 1, 200)
i:0, x:-1.0000, y:1.0000, z:0.7847, sigma:-1
i:1, x:-1.5000, y:0.5000, z:0.3213, sigma:1
i:2, x:-1.6250, y:0.1250, z:0.0767, sigma:1
i:3, x:-1.6406, y:-0.0781, z:-0.0474, sigma:1
i:4, x:-1.6455, y:0.0244, z:0.0146, sigma:-1
i:5, x:-1.6462, y:-0.0271, z:-0.0161, sigma:1
i:6, x:-1.6466, y:-0.0015, z:-0.0010, sigma:-1
i:7, x:-1.6466, y:0.0114, z:0.0063, sigma:-1
i:8, x:-1.6466, y:0.0049, z:0.0029, sigma:1
i:9, x:-1.6466, y:0.0016, z:0.0015, sigma:1
i:10, x:-1.6466, y:-0.0001, z:0.0010, sigma:1
i:11, x:-1.6465, y:-0.0010, z:0.0010, sigma:1
i:12, x:-1.6464, y:-0.0015, z:0.0010, sigma:1
i:13, x:-1.6462, y:-0.0017, z:0.0010, sigma:1
i:14, x:-1.6461, y:-0.0018, z:0.0010, sigma:1
i:15, x:-1.6460, y:-0.0020, z:0.0010, sigma:1
i: 18, x: [-8188 -8185 -8173 -8155 -8124 -8089 -8041 -7989 -7930 -7862 -7775 -7702
 -7604 -7505 -7399 -7288 -7166 -7040 -6910 -6768 -6622 -6459 -6298 -6121
 -5948 -5785 -5601 -5400 -5206 -4993 -4789 -4565 -4371 -4138 -3903 -3675
 -3447 -3213 -2976 -2720 -2499 -2239 -1992 -1727 -1477 -1225  -956  -685
  -453  -183    60   316   588   833  1103  1357  1624  1857  2122  2383
  2590  2831  3085  3337  3553  3794  4020  4242  4450  4677  4884  5099
  5297  5490  5689  5854  6031  6212  6376  6533  6692  6846  6970  7110
  7233  7351  7459  7561  7655  7756  7827  7904  7966  8026  8069  8115
  8147  8172  8186  8195  8195  8186  8172  8147  8115  8069  8026  7966
  7904  7827  7755  7655  7561  7459  7351  7233  7110  6970  6846  6692
  6533  6376  6212  6031  5854  5688  5490  5297  5099  4884  4677  4450
  4242  4020  3794  3553  3337  3085  2831  2590  2383  2122  1857  1624
  1357  1103   833   588   316    60  -183  -438  -685  -954 -1209 -1477
 -1727 -1977 -2223 -2499 -2705 -2960 -3213 -3447 -3675 -3903 -4126 -4358
 -4565 -4788 -4993 -5206 -5388 -5590 -5785 -5949 -6122 -6299 -6448 -6614
 -6768 -6910 -7040 -7166 -7288 -7399 -7505 -7604 -7695 -7775 -7857 -7926
 -7989 -8043 -8084 -8125 -8155 -8170 -8185 -8188], y: [  -10  -254  -509  -755 -1024 -1280 -1546 -1795 -2046 -2292 -2566 -2787
 -3042 -3279 -3509 -3739 -3965 -4188 -4397 -4612 -4820 -5038 -5236 -5443
 -5631 -5799 -5978 -6160 -6326 -6496 -6647 -6802 -6930 -7070 -7203 -7323
 -7433 -7537 -7634 -7728 -7803 -7882 -7948 -8010 -8061 -8102 -8139 -8167
 -8181 -8194 -8197 -8190 -8175 -8152 -8121 -8081 -8032 -7983 -7916 -7842
 -7775 -7691 -7592 -7486 -7386 -7263 -7142 -7013 -6882 -6732 -6581 -6417
 -6254 -6086 -5900 -5735 -5549 -5347 -5151 -4949 -4730 -4506 -4310 -4077
 -3854 -3624 -3395 -3160 -2923 -2651 -2429 -2169 -1920 -1656 -1421 -1136
  -882  -628  -381  -126   118   374   620   874  1128  1413  1648  1913
  2161  2422  2643  2915  3153  3388  3616  3846  4069  4302  4499  4723
  4941  5143  5339  5542  5727  5892  6078  6247  6409  6573  6724  6874
  7005  7134  7255  7378  7478  7584  7683  7767  7835  7909  7975  8024
  8073  8113  8144  8167  8182  8189  8184  8176  8159  8130  8097  8051
  8002  7944  7879  7796  7728  7634  7529  7425  7315  7196  7071  6930
  6796  6641  6487  6317  6164  5982  5791  5624  5436  5228  5043  4825
  4604  4389  4180  3958  3731  3502  3271  3035  2794  2559  2299  2054
  1788  1539  1287  1018   747   517   246   -10], z: [ 2 -4 -1 -2  0 -1  1  0 -1 -1  0 -1  1  2  5  3 -6 -3 -5 -2 -1 -1  0  1
  1 -2 -1 -1  0  1  1  0 -1 -1  0 -3  1 -2 -1 -1 -2 -1 -1 -2  1 -1  0  1
 -1  2 -2 -2 -1  0  0  1  0 -2 -1  0  0 -1  0  0 -1  2  2 -1 -2  0 -1 -2
  0 -1  0  0 -1 -2  0 -1  0  0 -1  2  2 -3 -4 -2 -1  0  0  1 -2  0 -1  0
  0  3  2  4 -5 -3 -4 -1 -1  0 -1  1 -2 -1 -1  0  1  3  2 -3 -3  0 -1 -1
  0 -1  1  0 -1 -1  0 -1  1  0 -1  1  0 -3 -3  0 -1 -1  0 -1 -1  0  1 -1
 -2 -1 -1  0  1  1  2 -1 -3  0 -1  1  0 -1 -1  0 -1 -1  0 -3  1 -2 -1 -1
  0  1  1  0 -1 -1  0  1  1  0 -1 -1  0  3  1  4 -5 -7 -4 -3 -1 -2 -1 -1
 -2  1 -1  0  0 -1  2  2], sigma: [ 1 -1 -1 -1  1 -1  1  1 -1 -1  1 -1  1  1  1  1 -1 -1 -1 -1 -1 -1  1  1
  1 -1 -1 -1  1  1  1  1 -1 -1  1 -1  1 -1 -1 -1 -1 -1 -1 -1  1 -1  1  1
 -1  1 -1 -1 -1  1  1  1  1 -1 -1  1  1 -1  1  1 -1  1  1 -1 -1  1 -1 -1
  1 -1  1  1 -1 -1  1 -1  1  1 -1  1  1 -1 -1 -1 -1  1  1  1 -1  1 -1  1
  1  1  1  1 -1 -1 -1 -1 -1  1 -1  1 -1 -1 -1  1  1  1  1 -1 -1  1 -1 -1
  1 -1  1  1 -1 -1  1 -1  1  1 -1  1  1 -1 -1  1 -1 -1  1 -1 -1  1  1 -1
 -1 -1 -1  1  1  1  1 -1 -1  1 -1  1  1 -1 -1  1 -1 -1  1 -1  1 -1 -1 -1
  1  1  1  1 -1 -1  1  1  1  1 -1 -1  1  1  1  1 -1 -1 -1 -1 -1 -1 -1 -1
 -1  1 -1  1  1 -1  1  1]
